▲ Next.js 16.1.3 (Turbopack)
- Environments: .env

  Creating an optimized production build ...
✓ Compiled successfully in 3.8s
  Running TypeScript ...
Failed to compile.

./Ctmpgamelog_old.tsx:3:32
Type error: Cannot find module '../../contexts/GameContext' or its corresponding type declarations.

[0m [90m 1 |[39m [36mimport[39m [33mReact[39m[33m,[39m { useEffect[33m,[39m useRef } [36mfrom[39m [32m'react'[39m[33m;[39m
 [90m 2 |[39m [36mimport[39m { motion[33m,[39m [33mAnimatePresence[39m } [36mfrom[39m [32m'framer-motion'[39m[33m;[39m
[31m[1m>[22m[39m[90m 3 |[39m [36mimport[39m { useGameContext } [36mfrom[39m [32m'../../contexts/GameContext'[39m[33m;[39m
 [90m   |[39m                                [31m[1m^[22m[39m
 [90m 4 |[39m [36mimport[39m { [33mActivity[39m } [36mfrom[39m [32m'lucide-react'[39m[33m;[39m
 [90m 5 |[39m
 [90m 6 |[39m [36mexport[39m [36mconst[39m [33mGameLog[39m[33m:[39m [33mReact[39m[33m.[39m[33mFC[39m [33m=[39m () [33m=>[39m {[0m
Next.js build worker exited with code: 1 and signal: null
